// Jest Snapshot v1, https://goo.gl/fbAQLP

exports[`renders correctly 1`] = `
<Text
  style={
    {
      "fontWeight": "bold",
    }
  }
>
  I am bold
  <Text
    style={
      {
        "color": "red",
      }
    }
  >
     and red
  </Text>
</Text>
`;
