// Jest Snapshot v1, https://goo.gl/fbAQLP

exports[`renders correctly 1`] = `
<View
  style={
    {
      "flexDirection": "row",
      "height": 100,
      "padding": 20,
    }
  }
>
  <View
    style={
      {
        "backgroundColor": "blue",
        "flex": 0.3,
      }
    }
  />
  <View
    style={
      {
        "backgroundColor": "red",
        "flex": 0.5,
      }
    }
  />
  <Text>
    Hello World!
  </Text>
</View>
`;
